

> eliza-plugin-promptbook@0.1.0 build /mnt/data1/nix/time/2024/12/31/cloud-deployment-eliza/vendor/ptbk/eliza-plugin-promptbook
> tsc && cp -R src/plugins dist/plugins

[96msrc/plugins/promptbook/action.ts[0m:[93m19[0m:[93m43[0m - [91merror[0m[90m TS2339: [0mProperty 'text' does not exist on type 'Memory'.

[7m19[0m     return promptbookPattern.test(message.text);
[7m  [0m [91m                                          ~~~~[0m

[96msrc/plugins/promptbook/evaluator.ts[0m:[93m5[0m:[93m25[0m - [91merror[0m[90m TS2307: [0mCannot find module 'promptbook' or its corresponding type declarations.

[7m5[0m import { wizzard } from "promptbook";
[7m [0m [91m                        ~~~~~~~~~~~~[0m

[96msrc/plugins/promptbook/index.ts[0m:[93m8[0m:[93m13[0m - [91merror[0m[90m TS2322: [0mType 'import("/mnt/data1/nix/time/2024/12/31/cloud-deployment-eliza/packages/core/dist/index", { with: { "resolution-mode": "import" } }).Action' is not assignable to type 'import("/mnt/data1/nix/time/2024/12/31/cloud-deployment-eliza/node_modules/@ai16z/eliza/dist/index", { with: { "resolution-mode": "import" } }).Action'.
  Types of property 'handler' are incompatible.
    Type 'import("/mnt/data1/nix/time/2024/12/31/cloud-deployment-eliza/packages/core/dist/index", { with: { "resolution-mode": "import" } }).Handler' is not assignable to type 'import("/mnt/data1/nix/time/2024/12/31/cloud-deployment-eliza/node_modules/@ai16z/eliza/dist/index", { with: { "resolution-mode": "import" } }).Handler'.
      Types of parameters 'runtime' and 'runtime' are incompatible.
        Type 'IAgentRuntime' is missing the following properties from type 'IAgentRuntime': imageVisionModelProvider, ragKnowledgeManager

[7m8[0m   actions: [promptbookAction],
[7m [0m [91m            ~~~~~~~~~~~~~~~~[0m


Found 3 errors in 3 files.

Errors  Files
     1  src/plugins/promptbook/action.ts[90m:19[0m
     1  src/plugins/promptbook/evaluator.ts[90m:5[0m
     1  src/plugins/promptbook/index.ts[90m:8[0m
[41m[30m ELIFECYCLE [39m[49m [31mCommand failed with exit code 2.[39m
